Script started on Thu 01 Sep 2016 02:38:48 PM CDT
]0;root@localhost:~/cs161]7;file://localhost.localdomain/root/cs161[?1034h[root@localhost cs161]# cd ~/cs161/root
]0;root@localhost:~/cs161/root]7;file://localhost.localdomain/root/cs161/root[root@localhost root]# % cs161 [K-[K[K[K[K[K[K[K[Kcs161-gdb j[Kkernel
bash: cs161-gdb: command not found...
]0;root@localhost:~/cs161/root]7;file://localhost.localdomain/root/cs161/root[root@localhost root]# export PATH [K-[K=~.[K/cs161/bin:$PATH
]0;root@localhost:~/cs161/root]7;file://localhost.localdomain/root/cs161/root[root@localhost root]# export PATH=~/cs161/bin:$PATH[C[C[C[C[C[C[C[C[C[C[C[C[C[C[C[C[C[C[C[C[C[C[C[13Pcs161-gdb kernel
[?1034hGNU gdb 6.6
Copyright (C) 2006 Free Software Foundation, Inc.
GDB is free software, covered by the GNU General Public License, and you are
welcome to change it and/or distribute copies of it under certain conditions.
Type "show copying" to see the conditions.
There is absolutely no warranty for GDB.  Type "show warranty" for details.
This GDB was configured as "--host=x86_64-unknown-linux-gnu --target=mips-elf"...
(gdb) target reo[Kmort[K[Kte uni:[Kx:.sockets/d[Kgdb
Remote debugging using unix:.sockets/gdb
__start () at ../../arch/mips/mips/start.S:24
24	../../arch/mips/mips/start.S: No such file or directory.
	in ../../arch/mips/mips/start.S
Current language:  auto; currently asm
(gdb) break menu
Breakpoint 1 at 0x8001ba5c: file ../../main/menu.c, line 647.
(gdb) c
Continuing.

Breakpoint 1, menu (args=0x8002a2e4 "") at ../../main/menu.c:647
647		menu_execute(args, 1);
Current language:  auto; currently c
(gdb) where
#0  menu (args=0x8002a2e4 "") at ../../main/menu.c:647
#1  0xffffffff8001a994 in kmain (arguments=0x8002a2e4 "")
    at ../../main/main.c:163
#2  0xffffffff8000d278 in __start ()
    at ../../arch/mips/mips/start.S:163
(gdb) detach
Ending remote debugging.
(gdb) quit
]0;root@localhost:~/cs161/root]7;file://localhost.localdomain/root/cs161/root[root@localhost root]# exit
exit

Script done on Thu 01 Sep 2016 02:42:33 PM CDT
